components/sales/SaleForm.tsx(213,13): error TS2304: Cannot find name 'setSelectedVendorId'.
components/sales/SaleForm.tsx(220,13): error TS2304: Cannot find name 'setSelectedVendorId'.
components/sales/SaleForm.tsx(477,66): error TS2304: Cannot find name 'selectedVendorId'.
components/sales/SaleForm.tsx(498,39): error TS2304: Cannot find name 'selectedVendorId'.
components/sales/SaleForm.tsx(499,40): error TS2304: Cannot find name 'selectedVendorId'.
components/sales/SaleForm.tsx(501,125): error TS2304: Cannot find name 'selectedVendorId'.
components/sales/SaleForm.tsx(501,167): error TS2304: Cannot find name 'selectedVendorId'.
components/sales/SaleForm.tsx(562,40): error TS2304: Cannot find name 'INSTRUCTION_TEMPLATES'.
components/sales/SaleForm.tsx(562,97): error TS2304: Cannot find name 'INSTRUCTION_TEMPLATES'.
components/sales/SaleForm.tsx(565,36): error TS2304: Cannot find name 'INSTRUCTION_TEMPLATES'.
components/sales/SaleForm.tsx(566,46): error TS2304: Cannot find name 'INSTRUCTION_TEMPLATES'.
components/sales/SaleForm.tsx(575,34): error TS2304: Cannot find name 'INSTRUCTION_TEMPLATES'.
